Serene Innovations Big Button- Loud Volume Talking CID
5
2
https://m.media-amazon.com/images/I/410Fpid8qqL._AC_US40_.jpg
$104.77
Salonpas Pain Relief Jet Size 4z Salonpas Pain Relief Jet Spray 4z
5
6
https://m.media-amazon.com/images/I/41Ey9RVSvXL._AC_US40_.jpg
$105.05
(Swiss quality Formula) 15x Phytoscience PhytoCellTec Apple Grape Double StemCell stem cell anti aging by PhytoScience
5
7
https://m.media-amazon.com/images/I/41KjPQ4NrcL._AC_US40_.jpg
$106.99
HR Lubricating Jelly 3g OneShot (1 case of 6 boxes)
5
1
https://m.media-amazon.com/images/I/41RiPAqAB8L._AC_US40_.jpg
$107.74
TENA InstaDri Air Underpad - Size: 23 X 36 - Case of 70
5
2
https://m.media-amazon.com/images/I/315yvZ8BPEL._AC_US40_.jpg
$107.94
PADDOCK LABORATORIES Ora-Plus Oral Suspending Vehicle, 16 Ounce - Buy Packs and Save (Pack of 4)
5
9
https://m.media-amazon.com/images/I/51ad3BUd9+L._AC_US40_.jpg
$108.92
Chem-Dry Professional Strength Spot Remover 18oz (6 Pack)
5
7
https://m.media-amazon.com/images/I/51DhikPGqtL._AC_US40_.jpg
$114
Ultralite Wrap Lead Glasses Black
5
2
https://m.media-amazon.com/images/I/31q4aMDFI0L._AC_US40_.jpg
$123.98
Spine Stretching (Blue) Therapeutic Device Combo with Four in One Adjustable Wooden Pillow, Two in One Back & Lumbar Stretcher, Back Flex & Posture Device
5
3
https://m.media-amazon.com/images/I/417OCfhpAgL._AC_US40_.jpg
$129
MT All Purpose Military EMT Individual First Aid Kits (IFAK) Backpack System, for Home or Outdoor Survival Emergency
5
6
https://m.media-amazon.com/images/I/51W1lG6Cz3L._AC_US40_.jpg
$129.99
Total Solutions 530 Royal Flush Toilet Treatment, 12 Quarts/Cs
5
2
https://m.media-amazon.com/images/I/31Sv+nF1hwL._AC_US40_.jpg
$129.99
Panasonic roller beauty machine warming esthetic roller Silver EH-SP32-S
5
1
https://m.media-amazon.com/images/I/31CrwSvIP0L._AC_US40_.jpg
$130.91
Nature's Bounty Cranberry with Vitamin C 4200 mg, 250 Softgels (Pack of 6)
5
4
https://m.media-amazon.com/images/I/51-EkeRikFL._AC_US40_.jpg
$133.97
Sprayway C-60 Solvent Cleaner & Degreaser-12 Cans / Case
5
4
https://m.media-amazon.com/images/I/6196oxd6CqL._AC_US40_.jpg
$139
Banyan Botanicals Yogaraj Guggulu Powder - Certified Organic, 1 Pound - Balances Vata in The Joints, Nerves and Muscles*
5
11
https://m.media-amazon.com/images/I/41IDpx2LQwL._AC_US40_.jpg
$139.99
Jerky Treats Tender DsfSE Beef Strips Dog Snacks, 60 Oz (4 Pack)
5
1
https://m.media-amazon.com/images/I/51fl8udOULL._AC_US40_.jpg
$139.99
Lightweight Kool Max\ufffd Zipper Front Vest
5
2
https://m.media-amazon.com/images/I/41yVpiuu6bL._AC_US40_.jpg
$154.61
McKesson Travel Walker with Wheels - Lightweight Folding Mobility Aid with Storage Pouch, 300 lbs Weight Capacity, 1 Count
5
1
https://m.media-amazon.com/images/I/41z6K+Eaw-L._AC_US40_.jpg
$154.99
BestSling Sani-Sling - Medium, 400Lb Weight Capacity - 1 Each/Each - SLTP332
5
1
https://m.media-amazon.com/images/I/41WdXGJYAkL._AC_US40_.jpg
$157.55
Hollister Restore Hydrocolloid Trinagle Dressing 265 Square Inch 5/bx 519965
5
1
https://m.media-amazon.com/images/I/11HtQdfwmjL._AC_US40_.jpg
$163.79
Trion Air Bear Cub 266649-101 MERV 13 Media Air Cleaner 16\"x25\"x3\
5
4
https://m.media-amazon.com/images/I/51eix8CJF0L._AC_US40_.jpg
$164.78
DEE ZEE DZ87012 New Super Duty 8' Bed 2017
5
4
https://m.media-amazon.com/images/I/31nAdBlfqtL._AC_US40_.jpg
$167.26
Charmant Eyeglasses TI8600 TI/8600 WI Wine Rimless Optical Frame 19x140mm
5
2
https://m.media-amazon.com/images/I/31dri5QSjFL._AC_US40_.jpg
$169.95
TECHKEWL Cooling Vest - Blue - 2X Fits 250-300 lbs - with Phase Change Cool Pax & Cooler Bag
5
1
https://m.media-amazon.com/images/I/51y259No2tL._AC_US40_.jpg
$179.99
Klamath Blue Green Algae Powder 1 lb by Power Organics
5
2
https://m.media-amazon.com/images/I/41W8Wu0JuPL._AC_US40_.jpg
$180
TECHKEWL Cooling Vest Black - L/XL fits 175-250 lbs - with Phase Change Cool Pax & Cooler Bag
5
1
https://m.media-amazon.com/images/I/41Sefg+gBCL._AC_US40_.jpg
$189.99
Voluntary Purchasing Group 32043 Paraffinic Oil Dormant Spray, 1-Gal. - Quantity 4
5
3
https://m.media-amazon.com/images/I/517Lshk1dAL._AC_US40_.jpg
$195.88
Disney Parks Alex and Ani Mickey & Pluto Silver Charm Bracelet
5
3
https://m.media-amazon.com/images/I/41Aqq3nPTIL._AC_US40_.jpg
$198
Toko/Red Creek Ski RotoBrush 100 mm Axle with Handle and Safety Shield/Hood
4.9
30
https://m.media-amazon.com/images/I/41uBYm2XWlL._AC_US40_.jpg
$102.14
PolyMem Non-Adhesive Wound Dressing, Sterile, Foam, 6.5' X 7.5' Pad, 5077 (Box of 15)
4.9
20
https://m.media-amazon.com/images/I/31S6hzv7CEL._AC_US40_.jpg
$119.99
CELOX Deluxe 25ct Bloodclooting Granules - 25 2gm Packets
4.8
32
https://m.media-amazon.com/images/I/51WYuelDGZL._AC_US40_.jpg
$125
GOLD Elements Intensive Cleansing and Softening Toner 7.48 Fl oz
4.8
13
https://m.media-amazon.com/images/I/21hMoufaivL._AC_US40_.jpg
$129
Vehicle Size E Oxygen Tank Cylinder Holder (D.O.T. Compliant) - Holds 6 E Size Tanks
4.8
24
https://m.media-amazon.com/images/I/51KDowLgGFL._AC_US40_.jpg
$142.99
Biotics Research - KappArest - 180 Capsules (180 Pack of 2)
4.8
6
https://m.media-amazon.com/images/I/51tDFustVKL._AC_US40_.jpg
$159.99
Modern Accent Chair High Back with Arm, Upholstered Leisure Chair Large with Nailhead Rivet Decorated (Teal)
4.8
15
https://m.media-amazon.com/images/I/41Zd43-mFEL._AC_US40_.jpg
$163.77
FiberSource HN 1.2 Cal Complete Nutrition with Fiber Unflavored *4 Case Special*
4.8
9
https://m.media-amazon.com/images/I/41Y6yeA9V7L._AC_US40_.jpg
$180.37
House of Kolor Ice Pearls White II (2 oz.)
4.8
11
https://m.media-amazon.com/images/I/41s2rgbaguL._AC_US40_.jpg
$188.13
Disney Parks Minnie Mouse Fuzzy Holiday Ears Headband
4.7
13
https://m.media-amazon.com/images/I/41lfgoK2hGL._AC_US40_.jpg
$100
Neptune 12V 55Ah Power Boat Pontoon Electric Trolling Motor Deep Cycle Battery
4.7
12
https://m.media-amazon.com/images/I/41pzPrYHCnL._AC_US40_.jpg
$112.99
Peptamen Unflavored 8.45 Fl Oz, 24 Count
4.7
22
https://m.media-amazon.com/images/I/41XSHBE0C4L._AC_US40_.jpg
$113.24
Zep Cherry Bomb Hand Cleaner 1 Gal - Refill Only - Pump Included (4)
4.7
376
https://m.media-amazon.com/images/I/51G5jOO8ObL._SS40_.jpg
$114.99
[DearKlairs] Angry Skin Calming Package, Irritated Skincare, Toner, serum, Vitamin c serum,Blue Cream, Soothing Cream, Sample Sachet
4.7
170
https://m.media-amazon.com/images/I/51cCTXVNwuL._AC_US40_.jpg
$119
The Clean Seat Case Pack (12 Boxes of 28 Pack)
4.7
38
https://m.media-amazon.com/images/I/51mXDAFi6KL._AC_US40_.jpg
$119.99
Evenpressure Medical Sheepskin
4.7
47
https://m.media-amazon.com/images/I/31pnsBpjFAL._AC_US40_.jpg
$124.99
Isopropyl Alcohol - IPA 91% (4-1 Gallon) High Purity - Made in USA - Includes an Empty Trigger Spray Bottle
4.7
37
https://m.media-amazon.com/images/I/41qDy1SJ2nS._AC_US40_.jpg
$125.99
Kayam Churan 100g (Case of 12)
4.7
2
https://m.media-amazon.com/images/I/41CR5cIfUhL._AC_US40_.jpg
$136.22
Smith & Wesson Code 4 Safety/Shooting Glasses, Smith Wesson SW265CBI Black Frames,
4.7
2
https://m.media-amazon.com/images/I/31neClB1yiL._AC_US40_.jpg
$150
Kimberly-Clark Professional 01000 Scott Towels with 12 per Case, High Capacity, Hard Roll, White
4.7
4
https://m.media-amazon.com/images/I/31nQaSusIWL._AC_US40_.jpg
$162.92
Kenchii Flash5\u2122 | 5-in-1 Digital Cordless Clipper | Pink Edition
4.7
27
https://m.media-amazon.com/images/I/31OizZleTtL._AC_US40_.jpg
$169.99
Visionis VIS-3003 Access Control Weatherproof Metal Housing Anti Vandal Digital Touch Keypad Reader RFID Standalone 2000 Users with Doorbell Slim Version
4.6
4
https://m.media-amazon.com/images/I/41ip3yi9GxL._AC_US75_.jpg
$102.47
Cytogen Chonluten - Respiratory System & Stomach Peptide Complex 60 Capsules
4.6
10
https://m.media-amazon.com/images/I/41b+8ZpYqWL._AC_US40_.jpg
$109.9
Provenza Natural Cleaner Ready to Use Refill - 1 Gallon - For Oil Finish Floors
4.6
43
https://m.media-amazon.com/images/I/31-yDYXc0ZL._AC_US40_.jpg
$118.88
Aluminum Box for Gecko G540 Driver
4.6
8
https://m.media-amazon.com/images/I/41N1Mlz3rxL._AC_US40_.jpg
$119.95
Bach Original Flower Remedies 9-Pack\"Find Joy & Hope\" Larch, Oak, Crab Apple, Star of Bethlehem, Willow, Elm, Pine, Sweet Chestnut, Homeopathic Flower Essences, 20mL Dropper x8, 30mL Mixing Bottle
4.6
8
https://m.media-amazon.com/images/I/51Vb5zXF09L._AC_US40_.jpg
$122.39
Young Living ART Skin Care System: Gentle Cleanser, Light Moisturizer, and Refreshing Toner
4.6
3
https://m.media-amazon.com/images/I/41Eu66K92QL._AC_US40_.jpg
$177
Biotics Research GlucoBalance -- 180 Capsules (180 Pack of 2)
4.6
3
https://m.media-amazon.com/images/I/41wTaLiPa9L._AC_US40_.jpg
$179.99
Wood Cremation Urn - Walnut President
4.6
2
https://m.media-amazon.com/images/I/41BABe8A+eL._AC_US40_.jpg
$189.95
Wood Cremation Urn - Cherry Freedom Military (Army)
4.6
5
https://m.media-amazon.com/images/I/51msogsV3gL._AC_US40_.jpg
$199.95
Beyond Osteo fx Liquid - 32 oz - 2 Pack
4.5
6
https://m.media-amazon.com/images/I/41gbX7D5auL._AC_US40_.jpg
$107.69
AESOP Istros Aromatique Room Spray 3.4 oz.
4.5
27
https://m.media-amazon.com/images/I/31lEOUWKwiL._AC_US40_.jpg
$119.97
Quality Chemical Aluminum Cleaner & Brightener & Restorer/Made in USA 5 Gallon pail
4.5
1866
https://m.media-amazon.com/images/I/41Rc-iZdGAL._AC_US40_.jpg
$119.99
Medium Denture Vibrator 6\u201d x 8\u201d
4.5
4
https://m.media-amazon.com/images/I/31TitYJDqhL._AC_US40_.jpg
$127.99
MIR Smart ONE | Personal Pocket Spirometer | Peak Flow (PEF) and FEV1
4.5
486
https://m.media-amazon.com/images/I/31BZxaO3p+L._AC_US40_.jpg
$129.99
GlobalRose 5000 Fresh White Rose Petals - Real Petals with Fast Delivery - Perfect for Anniversary or any occasion
4.5
16
https://m.media-amazon.com/images/I/416gQsRv7HL._SX38_SY50_CR,0,0,38,50_.jpg
$135.98
Pola B.a The Liquid Contents 1 Box 20 Ml \u00d7 12 Bottles
4.5
5
https://m.media-amazon.com/images/I/31fxppOF+PL._AC_US40_.jpg
$137.79
Dysbiocide 120C - Biotics (Pack of 2)
4.5
2
https://m.media-amazon.com/images/I/41ekeox44gL._AC_US40_.jpg
$146.99
Zija SuperMix Moringa Oliefera Detox Dietary Supplement - 32 Sachets - 1.4 lbs
4.5
290
https://m.media-amazon.com/images/I/31SYXXvsX0L._AC_US40_.jpg
$173
150 Grams - Authentic & Purest Himalayan Shilajit - - Shipped Directly from It's Origin - Himalaya Gilgit Baltistan
4.5
11
https://m.media-amazon.com/images/I/41FdzkpuPBL._AC_US40_.jpg
$179.62
Arginine Infusion Natural Formula for Cardio Health 6 Jars 5000mg L-arginine, 1000mg L-citrulline, 50mg CoQ10, 50 mg AstraGin Per Serving
4.5
21
https://m.media-amazon.com/images/I/31EfOdF9WQL._AC_US40_.jpg
$189
Healing Belt by Therasage RX\u2122
4.5
2
https://m.media-amazon.com/images/I/31PNJvLQFsL._AC_US40_.jpg
$195
Mighty Max Battery 12V 100AH Gel Battery Replaces Solar Wind Deep Cycle VRLA 12V 24V 48V
4.5
86
https://m.media-amazon.com/images/I/41yFQwr9hlL._AC_US40_.jpg
$199.95
Natalist Women's Fertility Test - at-Home Test Kit by Everlywell Measures Key Hormones - Physician-Reviewed Digital Results Within Days - Ages 18+
4.4
25
https://m.media-amazon.com/images/I/31ELNx0447L._AC_US40_.jpg
$119
Compex Performance 3.0 Muscle Stimulator with Tens Kit, Helps facilitate and Improve Performance, 6 Programs, Gray
4.4
56
https://m.media-amazon.com/images/I/41jjUALsoqL._AC_US40_.jpg
$130.4
Water-Resistant Mobility Scooter Hitch Carrier Travel Cover
4.4
99
https://m.media-amazon.com/images/I/41pCaUsgztL._AC_US40_.jpg
$149.99
KINGS Herbal Food Supplement 750 ml (Pack of 3-Bottles)
4.4
93
https://m.media-amazon.com/images/I/41jZBEkp2XL._AC_US40_.jpg
$154.99
30x32x2 (Actual Size) PowerGuard Pleated Panel Filter MERV 11 2-Pack
4.4
14
https://m.media-amazon.com/images/I/41N6bzsX50L._AC_US40_.jpg
$155.29
Craftsman 230-Piece Mechanics Tool Set, 70190
4.4
36
https://m.media-amazon.com/images/I/51rN5K92V0L._AC_US40_.jpg
$164.95
MediCrystal Non-Electric Amethyst Pillow 20\"x12\"x4\" - Healing Crystals Naturally Release Infrared Rays & Healthy Negative Ions Using Body Warmth - Matches Purple MediCrystal Bio Stimulation Mats
4.4
151
https://m.media-amazon.com/images/I/51XgYPqot+L._AC_US75_.jpg
$169
OMWAH Massage Oil and Lotion Double Bottle Heat Warmer Adjustable Temperature (Pack of 2)
4.4
163
https://m.media-amazon.com/images/I/31L0LQDOdtL._SS40_.jpg
$169.99
The MagicalButter MB2e Botanical Extractor The MagicalButter MB2e Botanical Extractor (6/Cs)
4.4
36
https://m.media-amazon.com/images/I/41d2U9FOJVL._AC_US40_.jpg
$174.99
Mariner 2 Combination Shower Head System,Oil Rubbed Bronze
4.4
78
https://m.media-amazon.com/images/I/31ClQvS40SL._AC_US40_.jpg
$199.95
Schiff Mega Red High Concentration 750mg- FamilyPACK of 240 Softgels TOTAL
4.3
3
https://m.media-amazon.com/images/I/51IVC8SMYyL._AC_US40_.jpg
$100.98
Arginine Infusion 3 Jars Cardio Health 5,000mg L-arginine, 1,000mg L-citrulline, CoQ10, AstraGin
4.3
39
https://m.media-amazon.com/images/I/31KlmTxy1iL._AC_US40_.jpg
$107
Cleanable Reusable Face Shield (20 Pack) Made in USA
4.3
5
https://m.media-amazon.com/images/I/516KMJHlrSL._AC_US40_.jpg
$111.25
Multi Collagen Protein Powder Organic (5lb / 2.2kg)
4.3
20
https://m.media-amazon.com/images/I/21bag-x4SzL._AC_US40_.jpg
$111.45
Medtrition Liquid Collagen peptides Type I, III 15 Grams Protein per oz. | Plus Neutral Bottles 4 Pack
4.3
108
https://m.media-amazon.com/images/I/31X6YLnxf2L._AC_US40_.jpg
$134.7
Beauty Salon Shampoo ABS Plastic Bowl Sink Hair Cut UPC Certified OMWAH Brand
4.3
499
https://m.media-amazon.com/images/I/41urz6k66wL._AC_US40_.jpg
$139.99
Boost by kGoal: Women's Sit-On-Top Kegel Trainer for Pelvic Floor Exercise with Biofeedback | with Smartphone App for iOS and Android
4.3
6
https://m.media-amazon.com/images/I/31rRyRv5nhL._AC_US40_.jpg
$149
IgG Protect Powder
4.3
7
https://m.media-amazon.com/images/I/41wALUwKbkS._AC_US40_.jpg
$149
Genovate DNA Maternity Test - All Lab Fees & Shipping Included - Results in 2 Business Days
4.3
6
https://m.media-amazon.com/images/I/51PGBSxPHTL._AC_US40_.jpg
$150
Max Factory Evangelion: 2.0: Shikinami Asuka Langley Figma Action Figure Test Plugsuit Ver
4.3
53
https://m.media-amazon.com/images/I/410eIqft8+L._AC_US40_.jpg
$160
Panasonic scalp beauty salon touch type pink EH-HE9A-P Japan Import
4.3
718
https://m.media-amazon.com/images/I/31aPjqckR-L._AC_US40_.jpg
$162.91
The Talking Color Detector - English
4.3
11
https://m.media-amazon.com/images/I/51bEzXECS1L._AC_US40_.jpg
$164.95
K.S. Choi Corp Infrared Heat Lamp 110V with Bulb Made in Korea
4.3
269
https://m.media-amazon.com/images/I/313oAvWqVXL._AC_US40_.jpg
$189
Smart Caregiver Cordless Bed Alarm with Kerr Medical Cleansing Wipes
4.2
27
https://m.media-amazon.com/images/I/41A1ozoKplL._AC_US40_.jpg
$104.95
Nutrex Hawaii BioAstin Hawaiian Astaxanthin, 50 Gel Caps supply, 12mg Astaxanthin per Serving (Pack of 3)
4.2
55
https://m.media-amazon.com/images/I/41-TTJ96bGL._AC_US40_.jpg
$111.78
Soylent Nutritionally Complete Meal Replacement Powder, 1 Week Supply, 7 Bags
4.2
135
https://m.media-amazon.com/images/I/31BI7d+fEaL._AC_US40_.jpg
$119.99
Apex Energetics ClearVite-ChC (K111) 1.21 lbs powder
4.2
25
https://m.media-amazon.com/images/I/51+u5E9031L._AC_US40_.jpg
$124.98
Balboa Generic Panel VL200 Mini Oval Digital Panel 1 Jet Blower Lite LCD 52144
4.2
23
https://m.media-amazon.com/images/I/41dLXFze0uL._AC_US40_.jpg
$174.99
Facelake FL330 Wearable Blood Oxygen Band with Ring Sensor & Free O2 Records, Smart Fitness Tracker & Heart Rate Monitor (Free APP and PC Software)
4.2
49
https://m.media-amazon.com/images/I/41jvepoErLL._AC_US40_.jpg
$179.95
Bimuno Daily - 30 sachets - 2 Pack
4.1
21
https://m.media-amazon.com/images/I/41-5F1+P6IL._AC_US40_.jpg
$100.43
Medicube Red Line Full SET - Red Toner, Red Serum, Red Cream, Red Foam Cleanser and Red Solution Kit
4.1
28
https://m.media-amazon.com/images/I/41jDh4Xmq+L._AC_US40_.jpg
$102
Induction Loop Receiver with Headphones
4.1
10
https://m.media-amazon.com/images/I/51ick-1ROkL._AC_US40_.jpg
$109.95
K-62 Nitric Balance
4.1
19
https://m.media-amazon.com/images/I/41ekHyQxvYL._AC_US40_.jpg
$111.96
Raw Probiotics Ultimate Care-100 Billion Garden of Life 30 VCaps (30 x 3 )
4.1
21
https://m.media-amazon.com/images/I/61S+yPZA3WL._AC_US40_.jpg
$144.9
DENS applicator for any model of Denas, DiaDENS + english manual by CD
4.1
23
https://m.media-amazon.com/images/I/31HiUYiYoTL._AC_US40_.jpg
$155
Neakasa P1 Pro Pet Grooming Kit + 1 Pack Clipper Blade, 4 Pack Sponge Filter, 2 Pack HEPA
4.1
7
https://m.media-amazon.com/images/I/4119AMtp0nL._AC_US40_.jpg
$169.99
Wahl 25 Piece Kit Lithium Ion Clipper - Including Storage Case - 5 Minute Super Quick Charge
4.1
95
https://m.media-amazon.com/images/I/31OVYZQlvEL._AC_US40_.jpg
$174.91
Oticon ConnectLine TV 3.0 for Oticon Opn
4.1
68
https://m.media-amazon.com/images/I/31lFhaD4BDL._AC_US40_.jpg
$198
Comprehensive STD Test for Women \u2013 Check for HIV, Hepatitis C, Syphilis, Herpes Simplex Type 2, Chlamydia, Gonorrhea, Trichomoniasis \u2013 Verisana
4.1
65
https://m.media-amazon.com/images/I/41hGPd1D18L._AC_US40_.jpg
$199.95
Stonecap Rubber Threshold Height: 8\" H, Finish: Nutmeg
4
1
https://m.media-amazon.com/images/I/511Z7XsJKTL._AC_US40_.jpg
$110.08
CATH-SECURE Multi-Purpose Tube Holder, Box of 50
4
5
https://m.media-amazon.com/images/I/31yv+TON9SL._AC_US40_.jpg
$126.21
ROIDTEST - Complete Steroid Testing System
4
135
https://m.media-amazon.com/images/I/41BsguucCcL._AC_US40_.jpg
$149.99
3M TR-3712N-5 3M High Efficiency (HE) Filter For Versaflo TR-300 PAPR (Replacement for TR-3710N-5)
4
15
https://m.media-amazon.com/images/I/51WUE+SdatL._AC_US40_.jpg
$170
BEpic - ELEV8 ACCELER8 Combo Pack - Boost Your Body (60 Day Supply - 2 Boxes Acceler8, 2 Boxes Elev8)
4
64
https://m.media-amazon.com/images/I/41GvpL19XZL._AC_US40_.jpg
$174.95
US Ship - Scent Air Machine for Home Essentials Oil Electric,HVAC,Work Stably,Waterless,Powerful Scent Around,Varity Work Time(Monday-Sunday),Adjustable Concertration,Cover 860-1,100 sq.ft. Area
4
8
https://m.media-amazon.com/images/I/311ht7GTsSL._AC_US40_.jpg
$179
EarPopper Home Version by Summit Medical
3.9
280
https://m.media-amazon.com/images/I/219AyIFV-JL._AC_US40_.jpg
$108
QIEWA Q-Power Electric Scooter Seat Black - Q-Power Only
3.9
7
https://m.media-amazon.com/images/I/41Jjn1sKb+L._AC_US40_.jpg
$109
Red Light Therapy Device for Pain Relief, Joint and Muscle Pain Reliever, Cold Infrared Light with 650nm and 808nm Therapeutic wavelength for Human and Animal, 3 Power/4 Timer
3.9
46
https://m.media-amazon.com/images/I/31v78Eq4AzL._AC_US40_.jpg
$129.95
Phiten RAKUWA Necklace X100 Mirror Ball Titanium Care Designed in JAPAN [Japan Import] (15.7\" (40cm), Silver x Silver)
3.9
76
https://m.media-amazon.com/images/I/31mA+YrTlfL._AC_US40_.jpg
$175.24
Oakley Fuel Cell Blk/Grey NA
3.8
26
https://m.media-amazon.com/images/I/310uy13eolL._AC_US40_.jpg
$116
Swift LT for Her New Pillow Sizes for her Include Extra Small, Small and Medium Packaged with mask (AZHeth)
3.8
15
https://m.media-amazon.com/images/I/31G2tL80waL._AC_US40_.jpg
$126
Voluspa Bourbon Vanille 3 Wick Grande Maison Candle, 36 Ounces
3.8
7
https://m.media-amazon.com/images/I/31aBVC4kbaL._AC_US40_.jpg
$129.7
Leela Quantum H.E.A.L. capsules, versatile, for the transmission of quantum energy and frequencies, made of fine brass material, ideal for home or travel, for men/women Besa & IGEF certified
3.8
7
https://m.media-amazon.com/images/I/31RyuWmr-PL._AC_US40_.jpg
$145
Dawn Professional Dish Soap 5 Gallon, Clean Scent (70681)
3.8
4
https://m.media-amazon.com/images/I/41+qpUtC-xL._AC_US40_.jpg
$153.38
White Tea West Luxury Signature Scent Air Freshener/Fragrant Room Spray - Made with Fine Fragrance and Cosmetic Grade Essential Oils & Ingredients - Used in Hotels & Spas Worldwide
3.8
193
https://m.media-amazon.com/images/I/41asFu0BsCS._AC_US40_.jpg
$189
Zheng Gu Shui Sports Pain Relief Liquid Pak of 6 US Version
3.7
27
https://m.media-amazon.com/images/I/61Y8V5t7r6L._AC_US40_.jpg
$105.99
Kanjo Acid Reflux and Pain Relief C Pillow | Reflux Pillow for Side Sleepers | Heartburn & GERD Pain Relief Pillow | Elevated Pillow for Neck & Back Support | FSA & HSA Eligible
3.7
264
https://m.media-amazon.com/images/I/21h9jtJ8u5L._AC_US40_.jpg
$124.99
TEMCO AP-10 Industrial Parts Washer Detergent Concentrate (10 Pounds)
3.7
18
https://m.media-amazon.com/images/I/41Lz-ODBDVL._AC_US40_.jpg
$125
Fitbit Blaze Wireless Smart Fitness Watch Wireless Activity Tracker with Heart Rate Monitor, Black, Small (5.5-6.7 in) (Renewed)
3.7
47
https://m.media-amazon.com/images/I/41XaEhbeHPL._AC_US40_.jpg
$129.99
Tuffcare Sanitation Hip Lift Sling (Medium) Compatible with Hoyer, Invacare, McKesson, Drive, Lumex, Medline, Joerns and Other Patient Lifts, Solid Fabric, Non-Slip Polyester Sling, Inner Thigh Cuff
3.7
34
https://m.media-amazon.com/images/I/31DcaSIxmfL._AC_US40_.jpg
$145
Massage Gun Compact & Powerful Full Body Percussion Deep Tissue Massager for Personal & Professional Use 2 Batteries Included [6 speeds] (Three Heads)
3.7
7
https://m.media-amazon.com/images/I/41vAxIHdbSL._AC_US40_.jpg
$159.99
Chromatique Professional Salon Hair Steamer With Rolling Stand Base Hood Color Processor Beauty Equipment
3.6
69
https://m.media-amazon.com/images/I/41zhMr4vuEL._AC_US40_.jpg
$109.99
PINEAL DNA-STRENGTHENING FrequenCell \u2022 Wearable Frequency Therapy for Subcellular Repair \u2022 Empower Your Pineal Gland \u2022 100% Natural, Zero Side Effects \u2022 Endorsed by Doctors and Olympic Athletes
3.6
3
https://m.media-amazon.com/images/I/31SQ7eu6RwL._AC_US40_.jpg
$123
Fitbit Blaze Smart Fitness Watch, Blue, Silver, Large (US Version) (Renewed)
3.6
18
https://m.media-amazon.com/images/I/41Dvo130ZdL._AC_US40_.jpg
$129.99
Fantasy for Her Ultimate Massager Pump w/Double Suction Cup
3.6
8
https://m.media-amazon.com/images/I/31kNruAQ9EL._AC_US40_.jpg
$143.99
NOVOGLAN\u00ae Non-Surgical Phimosis Treatment \u2013 Foreskin Expander Kit
3.6
27
https://m.media-amazon.com/images/I/313zcAsbRUL._AC_US40_.jpg
$179
Grounding Recovery Sleeping Bag for Full Body Grounding. Originally Designed for Athletes, 95% Cotton and 5% Conductive Thread,White
3.6
8
https://m.media-amazon.com/images/I/31JMp-LH42L._AC_US40_.jpg
$180
100pc Display - Bambu Classic Regular Rolling Papers
3.5
91
https://m.media-amazon.com/images/I/51QQz-1xHNL._AC_US40_.jpg
$106.75
Beautiful Fishing Memorial Cremation Urn- Brass,sports Urn
3.5
5
https://m.media-amazon.com/images/I/41wDWz+yflL._AC_US40_.jpg
$119
Lead Test Kit in Dust Wipes 10PK (5 Bus. Days) Schneider Labs
3.5
7
https://m.media-amazon.com/images/I/41KJrJkzwmL._AC_US40_.jpg
$123.25
Weiser Premis Touchscreen Smart Lock - Works with Apple Home Kit (Iron Black)
3.5
205
https://m.media-amazon.com/images/I/318c5AbgEYL._AC_US75_.jpg
$169.99
Philips Norelco 7200 Electric Rechargeable Lithium-Ion Battery Shaver with Anti-Friction Rings and Precision Trimmer
3.5
2
https://m.media-amazon.com/images/I/31gH+XZib+L._AC_US40_.jpg
$189.99
Inogen One G3 Backpack
3.4
21
https://m.media-amazon.com/images/I/31Vt4wUUATL._AC_US40_.jpg
$109
Automation Compatible for ArtSoft Fully Licensed Mach3 CNC Control Software, No Return, Ship USB Flash Drive with License
3.4
16
https://m.media-amazon.com/images/I/41vwbsktA6L._AC_US40_.jpg
$179
The Paterek Manual for Bicycle Framebuilders (Shop Version)
3.4
3
https://m.media-amazon.com/images/I/41jDetoMkgL._AC_US40_.jpg
$179.94
Mystim Tickling Truman Estim Vibrator Black
3.1
30
https://m.media-amazon.com/images/I/31uR7wFlCnL._AC_US40_.jpg
$101.79
Anabolic Research VAR 10 - Speed & Strength, Strong and Lean Physique -Capsule, 3 Month Supply
3.1
31
https://m.media-amazon.com/images/I/41EYoRK6NFL._AC_US40_.jpg
$170
Breg Slingshot 2, L Part #08504
3
3
https://m.media-amazon.com/images/I/418V3pwQrUL._AC_US40_.jpg
$108.78
Pro-stat 64 Liquid Protein Supplement, Case/6, Natural
3
2
https://m.media-amazon.com/images/I/31QVGILgcwL._AC_US40_.jpg
$141.46
Kirkland Signature Quit4 4mg Lozenge Mint 270 Count Pack of 2
3
3
https://m.media-amazon.com/images/I/51Zjtxvp2jS._AC_US40_.jpg
$149.99
Hitachi moisturizing support device Hot & Cool Rose White CM-N840 W
3
3
https://m.media-amazon.com/images/I/31zjD9aNI-L._AC_US40_.jpg
$195.63
Medical Sheepskin Pelt - Extra Large by US Sheepskin
2.8
4
https://m.media-amazon.com/images/I/41453lHTpgL._AC_US40_.jpg
$129.95
ROTARY TABLE 100MM/4\" WITH 100MM ROTARY VICE{used in both horizontal & vertical} (1)
2
1
https://m.media-amazon.com/images/I/41OF+733GlL._AC_US75_.jpg
$158.99
True Romance Massage Gift Basket
1
1
https://m.media-amazon.com/images/I/51zoYtROBpL._AC_US40_.jpg
$115.5
